data/breakfast-at-the-frat/subsets/incomplete/3000006560-8041-incomplete.csv
"WEEK_END_DATE","STORE_NUM","UPC","UNITS","VISITS","HHS","SPEND","PRICE","BASE_PRICE","FEATURE","DISPLAY","TPR_ONLY","WEEK_END_DATE_2","YEAR","MONTH","DAY_OF_MONTH","ABS_DISCOUNT","REL_DISCOUNT"
"14-01-2009",8041,3000006560,33,28,27,66,2,2.59,0,1,0,2009-01-14,2009,1,14,-0.59,-0.227799227799228
"21-01-2009",8041,3000006560,10,9,9,25.9,2.59,2.59,0,0,0,2009-01-21,2009,1,21,0,0
"28-01-2009",8041,3000006560,22,21,20,56.98,2.59,2.59,0,0,0,2009-01-28,2009,1,28,0,0
"04-02-2009",8041,3000006560,15,10,10,38.85,2.59,2.59,0,0,0,2009-02-04,2009,2,4,0,0
"11-02-2009",8041,3000006560,15,15,15,38.85,2.59,2.59,0,0,0,2009-02-11,2009,2,11,0,0
"18-02-2009",8041,3000006560,2,2,2,5.18,2.59,2.59,0,0,0,2009-02-18,2009,2,18,0,0
"25-02-2009",8041,3000006560,4,4,4,10.36,2.59,2.59,0,0,0,2009-02-25,2009,2,25,0,0
"04-03-2009",8041,3000006560,8,8,8,20.72,2.59,2.59,0,0,0,2009-03-04,2009,3,4,0,0
"11-03-2009",8041,3000006560,3,3,3,7.77,2.59,2.59,0,0,0,2009-03-11,2009,3,11,0,0
"18-03-2009",8041,3000006560,10,10,9,25.9,2.59,2.59,0,0,0,2009-03-18,2009,3,18,0,0
"25-03-2009",8041,3000006560,7,7,7,18.13,2.59,2.59,0,0,0,2009-03-25,2009,3,25,0,0
"01-04-2009",8041,3000006560,11,9,9,27.5,2.5,2.5,0,0,0,2009-04-01,2009,4,1,0,0
"08-04-2009",8041,3000006560,25,19,19,62.5,2.5,2.5,1,0,0,2009-04-08,2009,4,8,0,0
"15-04-2009",8041,3000006560,10,10,10,25.9,2.59,2.59,0,0,0,2009-04-15,2009,4,15,0,0
"22-04-2009",8041,3000006560,8,8,8,20.72,2.59,2.59,0,0,0,2009-04-22,2009,4,22,0,0
"29-04-2009",8041,3000006560,13,13,13,33.67,2.59,2.59,0,0,0,2009-04-29,2009,4,29,0,0
"06-05-2009",8041,3000006560,10,9,8,25.9,2.59,2.59,0,0,0,2009-05-06,2009,5,6,0,0
"13-05-2009",8041,3000006560,11,11,11,28.49,2.59,2.59,0,0,0,2009-05-13,2009,5,13,0,0
"20-05-2009",8041,3000006560,10,10,10,25.9,2.59,2.59,0,0,0,2009-05-20,2009,5,20,0,0
"27-05-2009",8041,3000006560,10,10,10,22.9,2.29,2.59,1,0,0,2009-05-27,2009,5,27,-0.3,-0.115830115830116
"03-06-2009",8041,3000006560,14,14,14,32.06,2.29,2.59,1,0,0,2009-06-03,2009,6,3,-0.3,-0.115830115830116
"10-06-2009",8041,3000006560,24,24,24,62.16,2.59,2.59,0,0,0,2009-06-10,2009,6,10,0,0
"17-06-2009",8041,3000006560,5,5,5,12.95,2.59,2.59,0,0,0,2009-06-17,2009,6,17,0,0
"24-06-2009",8041,3000006560,14,13,12,36.26,2.59,2.59,0,0,0,2009-06-24,2009,6,24,0,0
"01-07-2009",8041,3000006560,12,11,11,31.08,2.59,2.59,0,0,0,2009-07-01,2009,7,1,0,0
"08-07-2009",8041,3000006560,21,21,19,54.39,2.59,2.59,0,0,0,2009-07-08,2009,7,8,0,0
"15-07-2009",8041,3000006560,22,22,21,56.98,2.59,2.59,0,0,0,2009-07-15,2009,7,15,0,0
"22-07-2009",8041,3000006560,10,9,9,25.9,2.59,2.59,0,0,0,2009-07-22,2009,7,22,0,0
"29-07-2009",8041,3000006560,11,11,11,28.49,2.59,2.59,0,0,0,2009-07-29,2009,7,29,0,0
"05-08-2009",8041,3000006560,12,12,12,31.08,2.59,2.59,0,0,0,2009-08-05,2009,8,5,0,0
"12-08-2009",8041,3000006560,11,11,11,28.49,2.59,2.59,0,0,0,2009-08-12,2009,8,12,0,0
"19-08-2009",8041,3000006560,16,16,16,41.44,2.59,2.59,0,0,0,2009-08-19,2009,8,19,0,0
"26-08-2009",8041,3000006560,52,48,48,104,2,2.59,1,1,0,2009-08-26,2009,8,26,-0.59,-0.227799227799228
"02-09-2009",8041,3000006560,47,45,45,93.53,1.99,2.59,1,1,0,2009-09-02,2009,9,2,-0.6,-0.231660231660232
"09-09-2009",8041,3000006560,37,35,35,73.63,1.99,2.59,0,1,0,2009-09-09,2009,9,9,-0.6,-0.231660231660232
"16-09-2009",8041,3000006560,15,14,14,29.85,1.99,2.59,0,1,0,2009-09-16,2009,9,16,-0.6,-0.231660231660232
"23-09-2009",8041,3000006560,19,19,19,49.21,2.59,2.59,0,0,0,2009-09-23,2009,9,23,0,0
"30-09-2009",8041,3000006560,14,12,12,36.26,2.59,2.59,0,0,0,2009-09-30,2009,9,30,0,0
"07-10-2009",8041,3000006560,14,12,12,36.26,2.59,2.59,0,0,0,2009-10-07,2009,10,7,0,0
"14-10-2009",8041,3000006560,9,9,9,23.31,2.59,2.59,0,0,0,2009-10-14,2009,10,14,0,0
"21-10-2009",8041,3000006560,9,8,8,23.31,2.59,2.59,0,0,0,2009-10-21,2009,10,21,0,0
"28-10-2009",8041,3000006560,16,16,16,41.44,2.59,2.59,0,0,0,2009-10-28,2009,10,28,0,0
"04-11-2009",8041,3000006560,16,16,14,41.44,2.59,2.59,0,0,0,2009-11-04,2009,11,4,0,0
"11-11-2009",8041,3000006560,6,6,6,15.54,2.59,2.59,0,0,0,2009-11-11,2009,11,11,0,0
"18-11-2009",8041,3000006560,14,10,10,35,2.5,2.59,1,1,0,2009-11-18,2009,11,18,-0.0899999999999999,-0.0347490347490347
"25-11-2009",8041,3000006560,14,13,13,35,2.5,2.5,0,0,0,2009-11-25,2009,11,25,0,0
"02-12-2009",8041,3000006560,6,6,6,15.54,2.59,2.59,0,0,0,2009-12-02,2009,12,2,0,0
"09-12-2009",8041,3000006560,12,11,11,31.08,2.59,2.59,0,0,0,2009-12-09,2009,12,9,0,0
"16-12-2009",8041,3000006560,8,8,8,20.72,2.59,2.59,0,0,0,2009-12-16,2009,12,16,0,0
"23-12-2009",8041,3000006560,89,84,81,167.32,1.88,2.59,1,1,0,2009-12-23,2009,12,23,-0.71,-0.274131274131274
"30-12-2009",8041,3000006560,25,23,23,47,1.88,2.59,1,0,0,2009-12-30,2009,12,30,-0.71,-0.274131274131274
"06-01-2010",8041,3000006560,98,90,86,184.24,1.88,2.59,0,0,1,2010-01-06,2010,1,6,-0.71,-0.274131274131274
"13-01-2010",8041,3000006560,105,96,95,197.4,1.88,2.59,1,0,0,2010-01-13,2010,1,13,-0.71,-0.274131274131274
"20-01-2010",8041,3000006560,26,25,25,66.56,2.56,2.56,0,0,0,2010-01-20,2010,1,20,0,0
"27-01-2010",8041,3000006560,11,11,11,28.49,2.59,2.59,0,0,0,2010-01-27,2010,1,27,0,0
"03-02-2010",8041,3000006560,11,10,10,28.49,2.59,2.59,0,0,0,2010-02-03,2010,2,3,0,0
"10-02-2010",8041,3000006560,23,22,22,59.57,2.59,2.59,0,0,0,2010-02-10,2010,2,10,0,0
"17-02-2010",8041,3000006560,22,22,22,56.98,2.59,2.59,0,0,0,2010-02-17,2010,2,17,0,0
"24-02-2010",8041,3000006560,24,24,24,62.16,2.59,2.59,0,0,0,2010-02-24,2010,2,24,0,0
"03-03-2010",8041,3000006560,8,8,8,20.72,2.59,2.59,0,0,0,2010-03-03,2010,3,3,0,0
"10-03-2010",8041,3000006560,19,17,17,49.21,2.59,2.59,0,0,0,2010-03-10,2010,3,10,0,0
"17-03-2010",8041,3000006560,3,3,3,7.77,2.59,2.59,0,0,0,2010-03-17,2010,3,17,0,0
"24-03-2010",8041,3000006560,11,10,10,28.49,2.59,2.59,0,0,0,2010-03-24,2010,3,24,0,0
"31-03-2010",8041,3000006560,13,13,12,33.67,2.59,2.59,0,0,0,2010-03-31,2010,3,31,0,0
"07-04-2010",8041,3000006560,15,14,14,38.85,2.59,2.59,0,0,0,2010-04-07,2010,4,7,0,0
"14-04-2010",8041,3000006560,20,19,18,51.8,2.59,2.59,0,0,0,2010-04-14,2010,4,14,0,0
"21-04-2010",8041,3000006560,18,17,17,46.62,2.59,2.59,0,0,0,2010-04-21,2010,4,21,0,0
"28-04-2010",8041,3000006560,12,12,12,31.08,2.59,2.59,0,0,0,2010-04-28,2010,4,28,0,0
"05-05-2010",8041,3000006560,11,11,11,28.49,2.59,2.59,0,0,0,2010-05-05,2010,5,5,0,0
"12-05-2010",8041,3000006560,9,8,8,23.31,2.59,2.59,0,0,0,2010-05-12,2010,5,12,0,0
"19-05-2010",8041,3000006560,12,11,11,31.08,2.59,2.59,0,0,0,2010-05-19,2010,5,19,0,0
"26-05-2010",8041,3000006560,15,15,15,38.85,2.59,2.59,0,0,0,2010-05-26,2010,5,26,0,0
"02-06-2010",8041,3000006560,11,9,9,28.49,2.59,2.59,0,0,0,2010-06-02,2010,6,2,0,0
"09-06-2010",8041,3000006560,16,16,15,41.44,2.59,2.59,0,0,0,2010-06-09,2010,6,9,0,0
"16-06-2010",8041,3000006560,14,13,13,36.26,2.59,2.59,0,0,0,2010-06-16,2010,6,16,0,0
"23-06-2010",8041,3000006560,17,16,16,44.03,2.59,2.59,0,0,0,2010-06-23,2010,6,23,0,0
"30-06-2010",8041,3000006560,9,9,9,23.31,2.59,2.59,0,0,0,2010-06-30,2010,6,30,0,0
"07-07-2010",8041,3000006560,15,15,14,38.85,2.59,2.59,0,0,0,2010-07-07,2010,7,7,0,0
"14-07-2010",8041,3000006560,13,13,13,33.67,2.59,2.59,0,0,0,2010-07-14,2010,7,14,0,0
"21-07-2010",8041,3000006560,24,23,23,62.16,2.59,2.59,0,0,0,2010-07-21,2010,7,21,0,0
"28-07-2010",8041,3000006560,23,22,21,59.57,2.59,2.59,0,0,0,2010-07-28,2010,7,28,0,0
"04-08-2010",8041,3000006560,16,16,16,41.44,2.59,2.59,0,0,0,2010-08-04,2010,8,4,0,0
"11-08-2010",8041,3000006560,140,88,85,186.2,1.33,2.59,1,0,0,2010-08-11,2010,8,11,-1.26,-0.486486486486486
"18-08-2010",8041,3000006560,15,12,12,33.6,2.24,2.59,0,0,1,2010-08-18,2010,8,18,-0.35,-0.135135135135135
"25-08-2010",8041,3000006560,13,12,12,33.67,2.59,2.59,0,0,0,2010-08-25,2010,8,25,0,0
"01-09-2010",8041,3000006560,11,11,11,28.49,2.59,2.59,0,0,0,2010-09-01,2010,9,1,0,0
"08-09-2010",8041,3000006560,88,77,77,175.12,1.99,2.59,0,1,0,2010-09-08,2010,9,8,-0.6,-0.231660231660232
"15-09-2010",8041,3000006560,69,64,63,136.62,1.98,2.59,1,1,0,2010-09-15,2010,9,15,-0.61,-0.235521235521235
"22-09-2010",8041,3000006560,39,32,31,77.22,1.98,2.59,1,0,0,2010-09-22,2010,9,22,-0.61,-0.235521235521235
"29-09-2010",8041,3000006560,25,25,25,49.5,1.98,2.59,0,0,1,2010-09-29,2010,9,29,-0.61,-0.235521235521235
"06-10-2010",8041,3000006560,12,12,12,31.08,2.59,2.59,0,0,0,2010-10-06,2010,10,6,0,0
"13-10-2010",8041,3000006560,12,11,11,31.08,2.59,2.59,0,0,0,2010-10-13,2010,10,13,0,0
"20-10-2010",8041,3000006560,21,21,21,54.39,2.59,2.59,0,0,0,2010-10-20,2010,10,20,0,0
"27-10-2010",8041,3000006560,11,10,10,28.49,2.59,2.59,0,0,0,2010-10-27,2010,10,27,0,0
"03-11-2010",8041,3000006560,10,9,9,25.9,2.59,2.59,0,0,0,2010-11-03,2010,11,3,0,0
"10-11-2010",8041,3000006560,43,39,38,85.57,1.99,2.59,1,0,0,2010-11-10,2010,11,10,-0.6,-0.231660231660232
"17-11-2010",8041,3000006560,31,26,25,61.69,1.99,2.59,0,1,0,2010-11-17,2010,11,17,-0.6,-0.231660231660232
"24-11-2010",8041,3000006560,27,26,25,60.21,2.23,2.59,0,0,1,2010-11-24,2010,11,24,-0.36,-0.138996138996139
"01-12-2010",8041,3000006560,8,8,8,19.12,2.39,2.39,0,0,0,2010-12-01,2010,12,1,0,0
"08-12-2010",8041,3000006560,17,17,17,40.63,2.39,2.39,0,0,0,2010-12-08,2010,12,8,0,0
"15-12-2010",8041,3000006560,23,20,20,54.97,2.39,2.39,0,0,0,2010-12-15,2010,12,15,0,0
"22-12-2010",8041,3000006560,42,37,36,84.84,2.02,2.39,0,1,0,2010-12-22,2010,12,22,-0.37,-0.154811715481172
"29-12-2010",8041,3000006560,27,24,24,54,2,2.39,0,1,0,2010-12-29,2010,12,29,-0.39,-0.163179916317992
"05-01-2011",8041,3000006560,16,14,14,37.44,2.34,2.34,0,0,0,2011-01-05,2011,1,5,0,0
"12-01-2011",8041,3000006560,24,22,22,57.36,2.39,2.39,0,0,0,2011-01-12,2011,1,12,0,0
"19-01-2011",8041,3000006560,17,16,16,45.22,2.66,2.66,0,0,0,2011-01-19,2011,1,19,0,0
"26-01-2011",8041,3000006560,22,18,18,58.52,2.66,2.66,0,0,0,2011-01-26,2011,1,26,0,0
"02-02-2011",8041,3000006560,21,20,20,55.86,2.66,2.66,0,0,0,2011-02-02,2011,2,2,0,0
"09-02-2011",8041,3000006560,15,14,14,39.9,2.66,2.66,0,0,0,2011-02-09,2011,2,9,0,0
"16-02-2011",8041,3000006560,69,64,63,129.72,1.88,2.66,1,1,0,2011-02-16,2011,2,16,-0.78,-0.293233082706767
"23-02-2011",8041,3000006560,30,28,27,57.3,1.91,2.66,0,0,1,2011-02-23,2011,2,23,-0.75,-0.281954887218045
"02-03-2011",8041,3000006560,23,22,22,61.18,2.66,2.66,0,0,0,2011-03-02,2011,3,2,0,0
"09-03-2011",8041,3000006560,10,10,10,26.6,2.66,2.66,0,0,0,2011-03-09,2011,3,9,0,0
"16-03-2011",8041,3000006560,20,22,20,52.4,2.62,2.62,0,0,0,2011-03-16,2011,3,16,0,0
"23-03-2011",8041,3000006560,13,13,13,34.58,2.66,2.66,0,0,0,2011-03-23,2011,3,23,0,0
"30-03-2011",8041,3000006560,26,24,24,69.16,2.66,2.66,0,0,0,2011-03-30,2011,3,30,0,0
"06-04-2011",8041,3000006560,77,70,70,144.76,1.88,2.66,1,1,0,2011-04-06,2011,4,6,-0.78,-0.293233082706767
"13-04-2011",8041,3000006560,72,59,58,135.36,1.88,2.66,1,1,0,2011-04-13,2011,4,13,-0.78,-0.293233082706767
"20-04-2011",8041,3000006560,15,14,14,39.15,2.61,2.61,0,0,0,2011-04-20,2011,4,20,0,0
"27-04-2011",8041,3000006560,12,12,12,31.92,2.66,2.66,0,0,0,2011-04-27,2011,4,27,0,0
"04-05-2011",8041,3000006560,10,8,8,26.6,2.66,2.66,0,0,0,2011-05-04,2011,5,4,0,0
"11-05-2011",8041,3000006560,15,15,15,33,2.2,2.66,0,1,0,2011-05-11,2011,5,11,-0.46,-0.172932330827068
"18-05-2011",8041,3000006560,30,22,22,64.5,2.15,2.66,0,0,1,2011-05-18,2011,5,18,-0.51,-0.191729323308271
"25-05-2011",8041,3000006560,13,13,13,34.84,2.68,2.68,0,0,0,2011-05-25,2011,5,25,0,0
"01-06-2011",8041,3000006560,16,14,14,43.84,2.74,2.74,0,0,0,2011-06-01,2011,6,1,0,0
"08-06-2011",8041,3000006560,20,19,19,54.8,2.74,2.74,0,0,0,2011-06-08,2011,6,8,0,0
"15-06-2011",8041,3000006560,3,3,3,9.27,3.09,3.09,0,0,0,2011-06-15,2011,6,15,0,0
"22-06-2011",8041,3000006560,1,1,1,3.09,3.09,3.09,0,0,0,2011-06-22,2011,6,22,0,0
"07-09-2011",8041,3000006560,1,1,1,1.99,1.99,3.09,1,0,0,2011-09-07,2011,9,7,-1.1,-0.355987055016181
